---
source: src/lib.rs
expression: "parse_sexp(\"(+ 1 2)\")"
---
Ok(
    [
        Token {
            kind: OpenParen,
            range: (
                0,
                1,
            ),
            content: "(",
        },
        Token {
            kind: Symbol,
            range: (
                1,
                2,
            ),
            content: "+",
        },
        Token {
            kind: Number,
            range: (
                3,
                4,
            ),
            content: "1",
        },
        Token {
            kind: Number,
            range: (
                5,
                6,
            ),
            content: "2",
        },
        Token {
            kind: CloseParen,
            range: (
                6,
                7,
            ),
            content: ")",
        },
    ],
)
