---
source: src/lib.rs
expression: "parse_sexp(\"(+ 1 2\")"
---
Err(
    NotSexprError,
)
