---
source: src/lib.rs
expression: "parse_sexp(\"\")"
---
Ok(
    [],
)
