---
source: src/lib.rs
expression: "parse_sexp(r#\"(\\\\\\\\)\"#)"
---
Ok(
    [
        Token {
            kind: OpenParen,
            range: (
                0,
                1,
            ),
            content: "(",
        },
        Token {
            kind: Symbol,
            range: (
                2,
                3,
            ),
            content: "\\\\\\",
        },
        Token {
            kind: CloseParen,
            range: (
                5,
                6,
            ),
            content: ")",
        },
    ],
)
