---
source: src/lib.rs
expression: "parse_sexp(r#\"(\\\\\\)\"#)"
---
Err(
    NotSexprError,
)
